[lib]
name = "foo"
path = "src/custom.rs"

[package]
edition = "2021"
name = "mkDummySrcSimple"
version = "0.1.0"
